1073
1165
2002
2114
6009
103006
103007
103014
103021
103023
103026
103031
103039
103053
103056
103067
103070
103071
